// Jest Snapshot v1, https://goo.gl/fbAQLP

exports[`The AsuCarousel renders the component 1`] = `undefined`;
