// Jest Snapshot v1, https://goo.gl/fbAQLP

exports[`The BsReactCarousel renders the component 1`] = `undefined`;
