// Jest Snapshot v1, https://goo.gl/fbAQLP

exports[`<AsuDropdownMenu /> spec renders the component 1`] = `undefined`;
