// Jest Snapshot v1, https://goo.gl/fbAQLP

exports[`The AsuHeroImage renders the component 1`] = `undefined`;
